EXP-OBS000006（ギャップ・10年データ版・spec第3版）実行ログ
========================================================================

このログは §9-0〜§9-3 まで実行し、§9-3（検証ゲートV-1〜V-6）でK-6により停止した記録である。
§9-4以降（遡り上限66・T照合・z*較正・DSゲート等）は未実行。

再現用コマンド（実行順序どおり）:

    # 1〜3. EXP-OBS000005 の run.log と同一（候補集合・master_v2・新規銘柄bars取得はEXP-OBS000005と共用）

    # 4. §9 先行タスク本体（9-0〜9-9。9-3で停止する）
    python3 scripts/gap_feasibility_v2.py

実行日: 2026-09-15

## 経緯（spec第3版反映）

第2版で§9-2にてK-6停止（ExRT='2'の意味が不明）していたが、S戦略チームがspec第3版で
E-1の判定条件を「AdjFactor≠1」（機構ベース。ExRTの値を列挙しない）に確定した
（`is_split_merger_row()`を本セッションで更新。V-6適合性検査を追加）。
これを受けて§9-2から再実行したところ、9-2・V6は合格したが、**V-3（配当落ち識別の日別再現性）
で新たな未達が判明**し、§9-3全体でK-6停止した。

## §9 先行タスク（gap_feasibility_v2.py）実行結果サマリー

[9-0] backup_exists=True path=/home/user/backups/data_raw_backup_20260915.tar.gz
[9-1] candidate_codes_count=554
[T] N=2441 m=1220 T[1]=2016-09-15 T[N]=2026-09-14 T[68]=2016-12-27 matches=True
[9-2] all_clean=True non_clean_values=[] split_merger_identifiable=True
     ExRT分布: None=1299920, '1'=249, '2'=100（本v2候補集合554銘柄基準。spec記載のS実測105件は
     全601キャッシュ基準のため母集団が異なり不一致は想定内）
[V6] total_rows=1300269 a_violations=0 b_violations=0 unknown_exrt_values=[] pass=True
     （AdjFactor≠1の全行がis_split_merger_row()で捕捉され、ExRT非null行との相互整合性も0違反）
[9-3] V1 b=-0.915 n=9479 pass=True | V2 pass=True | **V3 23/40=57.5% pass=False**（閾値70%）
     | V4 554/554=100% pass=True | V5 5363/5363=100% pass=True | V6 pass=True
     | ALL_PASS=False

最終判定: stop_reason="9-3: 検証ゲートV-1〜V-6のいずれかが未達。K-6に従いSへ差し戻す。"
can_proceed_to_G1=False, escalate_kind=K-6

## V-3未達の内訳（新たな発見。推測で対処せずSに差し戻す）

feasibility.json の 9-3_dividend_identification_gates.V3_day_reproducibility.day_results に
40日分（各30銘柄以上の配当落ち日別回帰）の全実測値を記録。in_range=Falseの17日はすべて
2016-09-29〜2022-06-29に集中し、傾きがほぼ0または正（理論値-1から大きく外れる）。
in_range=Trueの日は2019-09-27以降に急増し、2022-09-29以降は全日通過。

診断（本番コードには反映していない。スクラッチ検証のみ）: §3.1.1 step3の権利落ち日構成式
「X := b(R)の1営業日前」はT+2決済を前提とした式である。日本の株式決済は2019-07-16に
T+3からT+2へ移行しており、それ以前の期間にT+2の式を適用すると誤った日を指す可能性がある。
Xを「b(R)の2営業日前」（T+3仮説）に変更して2016-09-29/2018-09-27/2019-03-28を再計算したところ、
傾きがそれぞれ-0.886/-1.005/-0.995となり理論区間[-1.15,-0.70]付近に入ることを確認した。

この変更は§3.1.1（EXP-OBS000003由来のfrozen定義）そのものに関わるため、B実装チームの
裁量では決定せず、診断結果のみを記録してSに差し戻す。

出力ファイル:
  - research/EXP-OBS000006/10-result/candidate_codes_v2.json（EXP-OBS000005と共用）
  - research/EXP-OBS000006/10-result/feasibility.json
  - research/EXP-OBS000006/10-result/params.json
  - research/EXP-OBS000006/10-result/run.log（本ファイル）

universe_v2.json・z*較正・DSゲートは9-3で停止したため未実行。

データバックアップ: /home/user/backups/data_raw_backup_20260915.tar.gz（EXP-OBS000005と共用）
