EXP-OBS000003（非決算オーバーナイト・ギャップ） B実装チーム 実行ログ（第2版spec 再実行）
spec: research/EXP-OBS000003/01-spec.md（第2版）§9（9-1〜9-9）

## 再現用コマンド

```
# 事前フェッチ（初回のみ。既存キャッシュがあれば再取得しない）
python3 scripts/gap_fetch_data.py --step master   # /equities/master date=2024-09-18（T[61]・選定期間D_u）

# 本体
python3 scripts/gap_feasibility.py
```

- 入力データ: 新規フェッチは `/equities/master` date=2024-09-18（選定期間ユニバース確定日 D_u=T[61]）
  の1回のみ（`data/raw/gap/master_selection_du_2024-09-18.json`）。それ以外はすべて既存キャッシュを再利用:
  `data/raw/pead/bars_daily/*.json`（候補銘柄511件の日足全履歴）、
  `data/raw/pead/fins_summary_all.jsonl`（`/fins/summary` 全開示）、
  `data/raw/pead/master_confirmation_start_2025-07-01.json`（確認期間ユニバース用マスタ）、
  `research/EXP-OBS000001/10-result/candidate_codes.json`・`universe.json`（候補銘柄511件・
  確認期間ユニバース175銘柄の再現確認用）、`research/_snapshots/tdnet/*.json`（TDnetスナップショット40日分）。
- 乱数: 本実行では乱数を使用しない（9-1〜9-9はすべてカウント・回帰・比較のみの決定的処理。
  spec が指定する seed 20260914 は permutation を伴う G1 で使用する想定だが、
  DS ゲート未達のため G1 に到達していない。N-11）。
- 実行日時: 2026-09-14
- 終了コード: 2（stop_reason あり）

## 実行結果サマリ（生データのみ・判定語なし）

### 9-1（参照営業日カレンダー T の再構成）
- |T|=487, T[1]=2024-06-21, T[487]=2026-06-22, T[61]=2024-09-18, T[68]=2024-09-30
- 既知値との一致: True
- gate_9_1_pass = True

### 9-2a（価格調整規約。第1版で確定済みの再実行）
- rows=245273, AdjFactor非1.0=91件, 全件クリーンな分割比率, 累積調整継続性91/91件成立
- split_merger_identifiable = True（再確認。値は不変）

### 9-2b（配当落ち日の構成と検証ゲート V-1〜V-5。第2版の最重要タスク・独立再実行）
- E-2A構成: positive_codes=496, explicit_zero_only_codes=14, any_record_codes=510/511,
  no_mapping_count=86, e2a_pairs(銘柄日)=1859, duplicate_pairs=925
- E-2B構成: 25暦月分のX(m)を構成
- V-1（プール回帰の傾き）: b̂=-0.9424, se=0.0708, n=1792。判定域[-1.15,-0.70]内 → 合格
  （S設計時実測 b̂=-0.942, se=0.071, n=1792 と一致）
- V-2（プラセボ）: shift=-2: b̂=+0.0746 / -1: b̂=-0.0700 / +1: b̂=+0.0184 / +2: b̂=+0.0559。
  4点すべて|b̂|≤0.35 → 合格（S設計時実測 +0.075/-0.070/+0.018/+0.056 と一致）
- V-3（日別再現性）: 対象8日（30銘柄以上構成できた権利落ち日）中7日（87.5%）が[-1.25,-0.60]内。
  外れた1日は2026-03-30（b̂=-0.485） → 合格（S設計時実測 7/8=87.5% と一致）
- V-4（カバレッジ）: 510/511=99.80% → 合格（S設計時実測 510/511 と一致）
- V-5（期末日の自己検算）: CurPerType='2Q'の候補銘柄ユニーク期間1015件中1015件一致=100.0% → 合格
  （S設計時実測 1015/1015 と一致）
- gate_v1_v5_all_pass = True（V-1〜V-5すべて独立に再現・全合格）

### 9-3（UL/LL の再検証）
- total_rows=245273, ユニーク値='0'/'1'のみ, 異常値0件, 欠損率0.0%
- gate_9_3_pass = True

### 9-4（ユニバース構築）
- 選定期間（D_u=T[61]=2024-09-18）: candidates=511, U1/U2通過=492, 主株価帯通過=259,
  上位175に打ち切り, final_count=175, unresolved=False（フォールバック不要）
- 確認期間（D_u=2025-07-01）: PEADの既存175銘柄（universe.json confirmation_universe）と
  本EXPのデータからU-1〜U-7を再適用した結果が完全一致（175銘柄同一）
- gate_9_4_pass = True

### 9-5（g/σ_gap/z の記述統計・算術整合性・K分布）
- 選定期間: 銘柄日31897件（175銘柄×183営業日）, is_candidate(E1-E6全通過)=11679件
- 確認期間: 銘柄日41040件（175銘柄×237営業日）, is_candidate=14958件
- K（有効ギャップ60本収集に要した遡り営業日数。uncapped実測）: 最大K=65, K<=66カバー率100.0000%
  （S設計時実測「最大65・カバー率100.0000%」と一致）
- gate_9_5_pass = True

### 9-6（z* 較正と DS-1〜DS-7 データ十分性ゲート）★ここで停止
- z* 較正グリッド11点（選定期間・件数のみ・リターン一切未参照）:
  z=-1.50: n=1345, N_ann=1800.68
  z=-1.75: n=1095, N_ann=1465.98
  z=-2.00: n=898,  N_ann=1202.24
  z=-2.25: n=735,  N_ann=984.02
  z=-2.50: n=632,  N_ann=846.12
  z=-2.75: n=537,  N_ann=718.93
  z=-3.00: n=455,  N_ann=609.15
  z=-3.25: n=397,  N_ann=531.50
  z=-3.50: n=333,  N_ann=445.82
  z=-3.75: n=297,  N_ann=397.62
  z=-4.00: n=266,  N_ann=356.12
  ⇒ |N_ann-215|を最小化する点 = z*=-4.00（グリッド中で最も215に近いが、[150,300]には入らない）
- DS-1（確認期間プール[z<=-1.5]件数 >=1500）: 1586件 → 合格
- DS-2a（選定期間でN_ann∈[150,300]を満たすグリッド点が存在する）: 存在しない（11点すべて300超）→ 不合格
- DS-2b（確認期間N_ann[z*=-4.00] ∈[100,400]）: 109.58 → 合格
- DS-5（確認期間の相異なるイベント日数 K_event >=80）: 25日 → 不合格
- DS-6（確認期間の1日5件以上プール観測日数 K >=100）: 62日 → 不合格
- DS-7（確認期間の最大単日イベントシェア <=25%）: 52.83%（2026-03-09に56/106件が集中）→ 不合格
- ds_gates_all_pass = False
- 参考検算（S の DS-7 根拠と同一の測定方法での再現。除外規則E1-E6未適用・全511銘柄・全期間T[68..487]）:
  z*=-2.50 で単日2025-04-07のシェア=10.56%、上位3日シェア=26.88%
  （S開示値「10.7%・27%」と一致。9-6本体の計算方法とは異なる測定であることに注意）

### 9-7（PEAD排反性の実データ確認）
- E-3除外件数（銘柄日ベース）: 選定2888件・確認3739件・合計6627件
- DiscDate延べ件数（候補511銘柄）: 4505件、DiscDateを持つ銘柄数: 511/511
- is_candidate行（E1-E6すべて通過、26637件）とPEADのDiscDate・エントリー日（DiscDate翌営業日）の
  積集合を全件チェック: 違反0件 → 積集合は空（排反性を数値で確認）
- `/fins/earnings-date` は本タスクでは未取得（G1未達のためG2へ未着手。§7 D項の抵触件数の実測はG2実行時に行う）

### 9-8（未識別ニュース混入の記述）
- TDnetスナップショット期間: 2026-08-06〜2026-09-14（40日分）
- J-Quants日足の最終日2026-06-22との重複: 0日（重複なし。実データで確認）
- 確認期間ユニバース175銘柄×TDnetスナップショット40日=7000銘柄日中、非決算適時開示ヒット235件
  （無条件発生率3.36%。極端ギャップ日に条件付けた率ではない）
- 確認期間のE-3除外銘柄日数: 3739件（参考。9-7参照）

### 9-9（出力の自己整合チェック）
- 選定期間・確認期間それぞれで「is_candidate件数 + 除外/欠損のある行数 = 総銘柄日数」が成立することを確認
- gate_9_9_pass = True

## 停止判定

9-6のDS-1〜DS-7データ十分性ゲートのうち、DS-2a・DS-5・DS-6・DS-7が不合格。
spec §6.0の規定（K-5）により、Kill ではなく S へ差し戻す（判定不能）。
確認期間のリターンは本実行を通じて一度も参照していないため、未見のまま温存される。

9-2b（配当落ち識別）のV-1〜V-5はすべて独立に再現・全合格しており、第2版specの識別手続き自体は
S設計時実測値と一致した。今回の停止は識別可能性の問題ではなく、事前登録したz*較正グリッド
（11点・0.25刻み・-1.50〜-4.00）とDSゲート閾値のもとで、実測されたイベント発生分布
（左テールが厚く、特に2025年4月の市場ストレス局面と2026-03-09に強く集中する）が
§6.0の数値基準を満たさないことによる。

spec §9-4〜§9-9はすべて実行し出力した（N-11: DSゲート未達のためG1（§6.1〜§6.3）は実行していない。
N-12: G1未達のためG2（pipeline）も実行していない）。

出力ファイル:
- research/EXP-OBS000003/10-result/feasibility.json
- research/EXP-OBS000003/10-result/params.json
- research/EXP-OBS000003/10-result/run.log（本ファイル）

未作成（stop_reason ありのため生成せず。N-11・N-12）:
- prediction-unit.json / pipeline.json / cost-model.json / universe.json（単体ファイルとしては未出力。
  選定/確認ユニバースの詳細は feasibility.json の 9-4_universe_construction に含めて出力済み）
