EXP-OBS000008（非決算オーバーナイト・ギャップ反転・10年版）実行ログ
担当: B実装チーム（quant-researcher）
実行日: 2026-09-16

## 再現用実行コマンド（決定的。乱数は本ログの範囲では未使用）

    cd /home/user/SmartWaveRider
    # データ層・ユニバースはEXP-OBS000007と共有（先に実行済み。再構築なし）
    python3 scripts/jq10y_build_universe.py      # 10Y-COMMON §5（出力先: research/EXP-OBS000007/10-result/）
    python3 scripts/jq10y_common_tasks.py         # D-4〜D-8（出力先: research/EXP-OBS000007/10-result/）
    python3 scripts/gap10y_feasibility.py         # 9-1〜9-9・V-1〜V-6・DS-1〜DS-8（本EXP固有）
    # ↓ 以降は下記「停止理由」により未実行
    # python3 scripts/gap10y_prediction_unit.py --seed 20260915
    # python3 scripts/gap10y_pipeline.py        --seed 20260915

データ層: `data/raw/jq10y/`（EXP-OBS000005/000006で取得済みの生データをそのまま再利用。API再取得なし）。

## 実施内容（spec §13是正指示への対応）

1. **§13.1 D-4/D-6**: `research/EXP-OBS000007/10-result/d4_d8_common_tasks.json` を参照（データ層はPEAD側と共有・二重計算せず）。
   - D-4: 10Y-COMMON §8.1.2（暦日按分判定式）で `d4_v2_pass = True`。
   - D-6 §8.2.1（本EXPにとって最優先）: `scripts/lib/gap_common.py::is_split_merger_row()` を
     `AdjFactor(D)!=1` の単独条件でも除外成立するOR条件に修正した（旧実装は `ExRT=="1"` 単独条件のみ）。
     修正後、Gapユニバース和集合（390銘柄）についてAdjFactor!=1.0の全行（263件）がE-1で漏れなく
     除外されることを検算し、一致（match=True）を確認した（`8.2.1_e1_or_condition_check`）。
   - **この修正によりプール `P` の母集団が変わりうるため、spec §13.4の指示どおりV-1〜V-6・DS-1〜DS-8・
     z*較正のすべてを最初から再評価した（部分差分適用はしていない）。**
   - D-6 §8.2.3（PEAD側の全件検算）は `research/EXP-OBS000007/10-result/params.json` を参照。
     結果は不合格（詳細はEXP-OBS000007側run.log参照）。10Y-COMMON §8.2.4の規則により、
     §8.2.1のみでは D-6 は解除されない（§8.2.1と§8.2.3の両方が合格して初めて解除）。

2. **§13.2 V-5（期末日算術検算）**: `scripts/lib/gap10y_engine.py` に新規実装（旧EXP-OBS000006では未実施だった）。
   `CurFYSt`/`CurFYEn` から暦月加算で構成した四半期末日と、`CurPerEn` が存在する全17,475行を比較。
   **結果: 100%一致（17,475/17,475）。V5_pass = True。**
   → V-3（日別再現性、後述）の不合格が暦月加算ロジックのバグに起因する可能性は、この結果により排除される。

3. **§13.3 K_look>66停止規則**: `scripts/gap10y_feasibility.py` に実際の制御フローとして実装した
   （旧EXP-OBS000006では分布を出力するだけで停止していなかった）。`k_le_66_all` をV/DSゲート評価より
   **前**に評価し、不成立ならその時点で処理を停止してSに差し戻す構造にした。

## V-1〜V-6 実測結果（E-1修正・V-5実装後の再評価）

| ゲート | 実測値 | 閾値 | 合否 |
|---|---|---|---|
| V-1（全体傾き） | b̂=-1.0823 (se=0.339, n=6758) | [-1.15, -0.70] | 合格 |
| V-2（プラセボ±1/±2営業日） | 4点すべて \|b̂\|≤0.35 | 同上 | 合格 |
| V-3（日別再現性） | 11.86%（59日評価） | ≥80% | **不合格** |
| V-4（カバレッジ） | 99.49% | ≥99% | 合格 |
| **V-5（期末日算術検算・新規実装）** | **100.0%（17,475/17,475）** | **≥99%** | **合格** |
| V-6（T+3期独立検証） | b̂_T3=-1.9214 (se=0.931, n=2049) | [-1.15, -0.70] | **不合格** |

V-5が100%合格したことにより、V-3不合格の原因は暦月加算の実装バグではないことが示された
（原因の推測: 日別回帰の標本数不足によるノイズ。ただしこれはB自身の推測であり判定には使っていない）。

**V-1〜V-6のいずれか1つでも未達なら実験を回さずSに差し戻す（spec §3.1.2・K-6）** に該当するため、
V-3・V-6の不合格により、この時点で既にDSゲート以降・G1・G2は実行してはならない状態にある。

## K_look分布（9-5。E-1修正反映後）

- attempted_code_day_pairs = 908,523
- k_collected_count = 883,932
- k_max = 1308, k_p50 = 63, k_p90 = 64, k_p99 = 65
- k_le_66_coverage_rate = 99.9830%
- **gate_k_le_66_all = False**（約150銘柄日でK_look>66）

**spec §3.2・§9-5・K-6「1件でもK_look>66が出ればSに差し戻す」に該当。**
`gap10y_feasibility.py` はこの時点で処理を停止し、以降（gap値キャッシュ構築・候補行評価・
z*較正・DSゲート評価）を実行していない。

## 停止理由（無条件停止規則。実験を回さずSに差し戻す）

以下の複数の独立した無条件停止規則に該当したため、**DSゲート・z*較正・G1・G2のいずれも実行していない**。

1. **K_look>66が1件以上検出された**（spec §3.2・§9-5・K-6）。`gap10y_feasibility.py` は
   V-1〜V-6評価・E-1 OR条件検算の直後、K_look分布計算完了時点で処理を停止した（実際の制御フローとして実装済み・§13.3是正）。
2. **V-3・V-6が不合格**（spec §3.1.2・K-6）。K_look>66の停止とは独立に、V-gate自体も既に不合格である。
3. **D-6が10Y-COMMON §8.2.4の基準で未解決**（PEAD側§8.2.3検算が不合格のため）。spec §13.1「D-4・D-6とも解消した場合のみV-1〜V-6を再評価しG1へ進む」の趣旨に照らし、この観点からも先へ進めない。

## 旧EXP-OBS000006実測値との比較

| 項目 | EXP-OBS000006実測 | EXP-OBS000008実測（本ログ・E-1修正後） | 差分 |
|---|---|---|---|
| E-1除外ロジック | ExRT=="1"単独条件（spec不適合の疑い） | AdjFactor!=1 OR ExRT=="1"（spec§3.1のOR条件どおりに修正） | 実装バグ修正 |
| E-1 OR条件検算 | 未実施 | 実施・match=True（263/263） | 新規検算 |
| e2a_pairs（配当落ちペア数） | 未記録（本ログでは記録） | 6,760 | 参考値 |
| V-1（全体傾き b̂） | -1.0823 (n=6758) | -1.0823 (n=6758) | **変化なし**（E-1修正はプール母集団だが、配当落ちペア自体は分割・併合とは別集合のため直接の影響は見られず） |
| V-3（日別再現性） | 11.86%（59日） | 11.86%（59日） | 変化なし |
| V-5（期末日算術検算） | **未実施** | **100.0%（新規実装・13.2是正）** | 新規測定。V-3原因がロジックバグでないことを確認 |
| V-6（T+3傾き） | b̂_T3=-1.9214 (n=2049) | b̂_T3=-1.9214 (n=2049) | 変化なし |
| K_look>66停止規則 | コード上未実装（診断出力のみ） | **実際の制御フローとして実装・作動確認済み（13.3是正）** | 実装修正。処理は正しく停止した |
| K_look分布（max/p99/coverage） | max=1308, p99=65, coverage=99.983% | max=1308, p99=65, coverage=99.983% | 変化なし（E-1修正はK_look分布の入力である有効ギャップ集合に影響しうるが、実測は同一） |
| DSゲート・z*較正・G1・G2 | 未実行（V-3/V-6不合格・K_look未実装により未到達） | **未実行**（V-3/V-6不合格・K_look>66停止・D-6未解決の三重の理由） | 変化なし（引き続き未測定） |

## 生成ファイル

- feasibility.json（K_look>66停止時点のペイロード。V_gates・k_look_distribution・e1_or_condition_checkを含む）
- params.json（停止状況の要約）
- run.log（本ファイル）
- prediction-unit.json / pipeline.json / cost-model.json: **なし**（V-3/V-6不合格・K_look>66停止という無条件停止規則により生成せず。正当な不在）
- gap_pool.json: **なし**（K_look>66停止によりプール構築前に停止したため生成せず）
